[www.w3.org/standards/index.html]
[backblue.gif]
[fade.gif]
[index.html]
[www.w3.org/standards/about.html]
[www.w3.org/standards/webdesign/index.html]
[www.w3.org/standards/webofdevices/index.html]
[www.w3.org/standards/webarch/index.html]
[www.w3.org/standards/faq.html]
[www.w3.org/standards/xml/index.html]
[www.w3.org/standards/semanticweb/index.html]
[www.w3.org/standards/webofservices/index.html]
[www.w3.org/standards/faq-2.html]
[www.w3.org/standards/agents/index.html]
[www.w3.org/2015/10/W3C-Developers_Assets/W3C-Developers-Dark.png]
[www.w3.org/2015/04/w3cx-home.png]
[open-stand.org/wp-content/uploads/2012/08/128x128-blue2.png]
[www.w3.org/standards/index.html]
[www.w3.org/standards/webdesign/news.xml]
[www.w3.org/standards/webdesign/htmlcss.html]
[www.w3.org/standards/webdesign/script.html]
[www.w3.org/standards/webdesign/graphics.html]
[www.w3.org/standards/webdesign/audiovideo.html]
[www.w3.org/standards/webdesign/accessibility.html]
[www.w3.org/standards/webdesign/i18n.html]
[www.w3.org/standards/webdesign/mobilweb.html]
[www.w3.org/standards/webdesign/privacy.html]
[www.w3.org/standards/webdesign/math.html]
[html5appsproject.files.wordpress.com/2014/04/icon-webandpayment.png]
[html5appsproject.files.wordpress.com/2014/04/icon-webandpayment5277.png]
[pixel.wp.com/b562f.gif]
[pixel.wp.com/b001f.gif]
[pixel.wp.com/bd27f.gif]
[pixel.wp.com/bcaae.gif]
[www.w3.org/2014/11/webapp-sm.png]
[pixel.wp.com/b9938.gif]
[www.developereconomics.com/wp-content/uploads/edd/2015/07/DE9-SoN-infographic-1.18.delayed]
[pixel.wp.com/b5902.gif]
[pixel.wp.com/b16c1.gif]
[pixel.wp.com/b1685.gif]
[www.w3.org/standards/webdesign/index.html]
[www.w3.org/standards/webofdevices/news.xml]
[www.w3.org/standards/webofdevices/voice.html]
[www.w3.org/standards/webofdevices/independence.html]
[www.w3.org/standards/webofdevices/multimodal.html]
[pixel.wp.com/bdb09.gif]
[www.w3.org/standards/webofdevices/index.html]
[www.w3.org/standards/webarch/news.xml]
[www.w3.org/standards/webarch/principles.html]
[www.w3.org/standards/webarch/identifiers.html]
[www.w3.org/standards/webarch/protocols.html]
[www.w3.org/standards/webarch/metaformats.html]
[www.w3.org/standards/webarch/considerations.html]
[www.w3.org/standards/webarch/index.html]
[www.w3.org/standards/semanticweb/news.xml]
[www.w3.org/standards/semanticweb/data.html]
[www.w3.org/standards/semanticweb/ontology.html]
[www.w3.org/standards/semanticweb/query.html]
[www.w3.org/standards/semanticweb/inference.html]
[www.w3.org/standards/semanticweb/applications.html]
[www.w3.org/standards/semanticweb/index.html]
[www.w3.org/standards/xml/core.html]
[www.w3.org/standards/xml/exi.html]
[www.w3.org/standards/xml/schema.html]
[www.w3.org/standards/xml/security.html]
[www.w3.org/standards/xml/transformation.html]
[www.w3.org/standards/xml/query.html]
[www.w3.org/standards/xml/components.html]
[www.w3.org/standards/xml/processing.html]
[www.w3.org/standards/xml/publishing.html]
[www.w3.org/standards/xml/index.html]
[www.w3.org/standards/webofservices/news.xml]
[www.w3.org/standards/webofservices/index.html]
[www.w3.org/standards/agents/news.xml]
[www.w3.org/standards/agents/browsers.html]
[www.w3.org/standards/agents/authoring.html]
[www.w3.org/standards/agents/index.html]
[www.w3.org/standards/about.html]
[www.w3.org/standards/faq.html]
[www.w3.org/standards/faq-2.html]
[www.w3.org/standards/webdesign/script-2.html]
[www.w3.org/standards/webdesign/graphics-2.html]
[www.w3.org/standards/webdesign/audiovideo-2.html]
[www.w3.org/standards/webdesign/accessibility-2.html]
[www.w3.org/standards/webdesign/i18n-2.html]
[www.w3.org/standards/webdesign/mobilweb-2.html]
[www.w3.org/standards/webdesign/privacy-2.html]
[www.w3.org/standards/webdesign/math-2.html]
[www.w3.org/standards/webdesign/htmlcss.html]
[www.w3.org/standards/webdesign/htmlcss-2.html]
[www.w3.org/standards/webdesign/script.html]
[www.w3.org/standards/webdesign/graphics.html]
[www.w3.org/standards/webdesign/audiovideo.html]
[www.w3.org/WAI/intro/alt-logo.png]
[www.w3.org/WAI/intro/no-mouse.png]
[www.w3.org/WAI/intro/transcript.png]
[www.w3.org/standards/webdesign/accessibility.html]
[www.w3.org/standards/webdesign/canonequiv.png]
[www.w3.org/standards/webdesign/verticaltext.png]
[www.w3.org/standards/webdesign/bidi.png]
[www.w3.org/standards/webdesign/speaking.png]
[www.w3.org/standards/webdesign/speaking-fi.png]
[www.w3.org/standards/webdesign/yesno.png]
[www.w3.org/standards/webdesign/i18n.html]
[www.w3.org/2008/07/cardexcerpt.jpg]
[www.w3.org/standards/webdesign/mobilweb.html]
[www.w3.org/standards/webdesign/privacy.html]
[www.w3.org/standards/webdesign/sqrt1.png]
[www.w3.org/standards/webdesign/math.html]
[www.developereconomics.com/wp-content/uploads/edd/2015/07/DE9-SoN-infographic-1.html]
[www.w3.org/standards/webofdevices/independence-2.html]
[www.w3.org/standards/webofdevices/multimodal-2.html]
[www.w3.org/standards/webofdevices/tv-2.html]
[www.w3.org/standards/techs/voicexml.html]
[www.w3.org/People/Kazuyuki/ashimura_240x320.jpg]
[www.w3.org/standards/webofdevices/voice.html]
[www.w3.org/standards/webofdevices/voice-2.html]
[www.w3.org/standards/webofdevices/independence.html]
[www.w3.org/standards/webofdevices/multimodal.html]
[www.w3.org/2006/05/u/72e3686d501f-sm.jpg]
[www.w3.org/standards/webofdevices/tv.html]
[www.w3.org/standards/webarch/considerations-2.html]
[www.w3.org/standards/webarch/metaformats-2.html]
[www.w3.org/standards/webarch/protocols-2.html]
[www.w3.org/standards/webarch/identifiers-2.html]
[www.w3.org/standards/webarch/principles.html]
[www.w3.org/standards/webarch/principles-2.html]
[www.w3.org/standards/webarch/identifiers.html]
[www.w3.org/standards/webarch/protocols.html]
[www.w3.org/standards/webarch/metaformats.html]
[www.w3.org/standards/webarch/considerations.html]
[www.w3.org/standards/semanticweb/applications-2.html]
[www.w3.org/standards/semanticweb/inference-2.html]
[www.w3.org/standards/semanticweb/query-2.html]
[www.w3.org/standards/semanticweb/ontology-2.html]
[www.w3.org/standards/semanticweb/data.html]
[www.w3.org/standards/semanticweb/data-2.html]
[www.w3.org/standards/semanticweb/ontology.html]
[www.w3.org/standards/semanticweb/query.html]
[www.w3.org/standards/semanticweb/inference.html]
[www.w3.org/standards/semanticweb/applications.html]
[www.w3.org/standards/xml/news.html]
[www.w3.org/standards/xml/exi-2.html]
[www.w3.org/standards/xml/schema-2.html]
[www.w3.org/standards/xml/security-2.html]
[www.w3.org/standards/xml/transformation-2.html]
[www.w3.org/standards/xml/query-2.html]
[www.w3.org/standards/xml/components-2.html]
[www.w3.org/standards/xml/processing-2.html]
[www.w3.org/standards/xml/publishing-2.html]
[www.w3.org/People/Quin/Liam10-56x72.jpg]
[www.w3.org/standards/xml/core.html]
[www.w3.org/standards/xml/styles/xml.css]
[www.w3.org/standards/xml/core-2.html]
[www.w3.org/standards/xml/exi.html]
[www.w3.org/standards/xml/schema.html]
[www.w3.org/standards/xml/security.html]
[www.w3.org/standards/xml/images/beautiful-output.jpg]
[www.w3.org/standards/xml/images/xdm-and-xslt.jpg]
[www.w3.org/standards/xml/transformation.html]
[www.w3.org/standards/xml/query.html]
[www.w3.org/standards/xml/components.html]
[www.w3.org/standards/xml/processing.html]
[www.w3.org/standards/xml/publishing.html]
[www.w3.org/standards/agents/authoring-2.html]
[www.w3.org/standards/agents/browsers.html]
[www.w3.org/standards/agents/browsers-2.html]
[www.w3.org/standards/agents/authoring.html]
[www.w3.org/standards/webdesign/script-2.html]
[www.w3.org/standards/webdesign/graphics-2.html]
[www.w3.org/standards/webdesign/audiovideo-2.html]
[www.w3.org/standards/webdesign/accessibility-2.html]
[www.w3.org/standards/webdesign/i18n-2.html]
[www.w3.org/standards/webdesign/mobilweb-2.html]
[www.w3.org/standards/webdesign/privacy-2.html]
[www.w3.org/standards/webdesign/math-2.html]
[www.w3.org/standards/webdesign/htmlcss-2.html]
[www.w3.org/standards/webdesign/sqrt.svg]
[www.w3.org/standards/webofdevices/independence-2.html]
[www.w3.org/standards/webofdevices/multimodal-2.html]
[www.w3.org/standards/webofdevices/tv-2.html]
[www.w3.org/standards/history/voicexml21.html]
[www.w3.org/standards/history/voicexml20.html]
[www.w3.org/standards/techs/voicexml.html]
[www.w3.org/standards/webofdevices/voice-2.html]
[www.w3.org/2006/05/u/d19cd1fbfcef-sm.html]
[www.w3.org/standards/webarch/considerations-2.html]
[www.w3.org/standards/webarch/metaformats-2.html]
[www.w3.org/standards/webarch/protocols-2.html]
[www.w3.org/standards/webarch/identifiers-2.html]
[www.w3.org/standards/webarch/principles-2.html]
[www.w3.org/standards/semanticweb/applications-2.html]
[www.w3.org/standards/semanticweb/inference-2.html]
[www.w3.org/standards/semanticweb/query-2.html]
[www.w3.org/standards/semanticweb/ontology-2.html]
[www.w3.org/standards/semanticweb/data-2.html]
[www.w3.org/standards/xml/exi-2.html]
[www.w3.org/standards/xml/schema-2.html]
[www.w3.org/standards/xml/security-2.html]
[www.w3.org/standards/xml/transformation-2.html]
[www.w3.org/standards/xml/query-2.html]
[www.w3.org/standards/xml/components-2.html]
[www.w3.org/standards/xml/processing-2.html]
[www.w3.org/standards/xml/publishing-2.html]
[www.w3.org/standards/xml/styles/xml.css]
[www.w3.org/standards/xml/core-2.html]
[www.w3.org/standards/agents/authoring-2.html]
[www.w3.org/standards/agents/browsers-2.html]
[www.w3.org/standards/history/voicexml21.html]
[www.w3.org/standards/history/voicexml20.html]
[www.w3.org/standards/history/NOTE-voice.html]
